17:07:52 **** Incremental Build of configuration Debug for project ECSE444-Lab3 ****
make -j24 all 
arm-none-eabi-gcc "../Core/Src/main.c" -mcpu=cortex-m4 -std=gnu11 -g3 -DDEBUG -DUSE_HAL_DRIVER -DSTM32L4S5xx -c -I../Core/Inc -I../Drivers/STM32L4xx_HAL_Driver/Inc -I../Drivers/STM32L4xx_HAL_Driver/Inc/Legacy -I../Drivers/CMSIS/Device/ST/STM32L4xx/Include -I../Drivers/CMSIS/Include -O0 -ffunction-sections -fdata-sections -Wall -fstack-usage -fcyclomatic-complexity -MMD -MP -MF"Core/Src/main.d" -MT"Core/Src/main.o" --specs=nano.specs -mfpu=fpv4-sp-d16 -mfloat-abi=hard -mthumb -o "Core/Src/main.o"
arm-none-eabi-gcc -o "ECSE444-Lab3.elf" @"objects.list"   -mcpu=cortex-m4 -T"C:\Users\Anna\Documents\ECSE 444\ecse-444\ECSE-444 Lab3\ECSE444-Lab3\STM32L4S5VITX_FLASH.ld" --specs=nosys.specs -Wl,-Map="ECSE444-Lab3.map" -Wl,--gc-sections -static --specs=nano.specs -mfpu=fpv4-sp-d16 -mfloat-abi=hard -mthumb -Wl,--start-group -lc -lm -Wl,--end-group
Finished building target: ECSE444-Lab3.elf
 
arm-none-eabi-size  ECSE444-Lab3.elf 
arm-none-eabi-objdump -h -S ECSE444-Lab3.elf  > "ECSE444-Lab3.list"
   text	   data	    bss	    dec	    hex	filename
  11924	     12	   1764	  13700	   3584	ECSE444-Lab3.elf
Finished building: default.size.stdout
 
Finished building: ECSE444-Lab3.list
 
17:07:55 **** Incremental Build of configuration Debug for project ECSE444-Lab3 ****
make -j24 all 
arm-none-eabi-size  ECSE444-Lab3.elf 
   text	   data	    bss	    dec	    hex	filename
  11924	     12	   1764	  13700	   3584	ECSE444-Lab3.elf
Finished building: default.size.stdout
 
