16:31:07 **** Incremental Build of configuration Debug for project ECSE444-Lab3 ****
make -j24 all 
arm-none-eabi-size  ECSE444-Lab3.elf 
   text	   data	    bss	    dec	    hex	filename
  15424	     12	   1820	  17256	   4368	ECSE444-Lab3.elf
Finished building: default.size.stdout
 
16:31:10 **** Incremental Build of configuration Debug for project ECSE444-Lab3 ****
make -j24 all 
arm-none-eabi-size  ECSE444-Lab3.elf 
   text	   data	    bss	    dec	    hex	filename
  15424	     12	   1820	  17256	   4368	ECSE444-Lab3.elf
Finished building: default.size.stdout
 
