../Core/Src/main.c:198:6:Read_Sensor	6
../Core/Src/main.c:249:6:Uart_Display_Statistics	7
../Core/Src/main.c:398:6:Uart_Print_Sensor	6
../Core/Src/main.c:443:6:HAL_GPIO_EXTI_Callback	2
../Core/Src/main.c:474:6:Sensors_Write_to_Flash	1
../Core/Src/main.c:500:6:Sensors_Read_from_Flash	5
../Core/Src/main.c:532:5:main	2
../Core/Src/main.c:735:6:SystemClock_Config	4
../Core/Src/main.c:782:5:__io__putchar	1
../Core/Src/main.c:796:6:HAL_TIM_PeriodElapsedCallback	2
../Core/Src/main.c:814:6:Error_Handler	1
