../Core/Src/main.c:204:6:Read_Sensor	6
../Core/Src/main.c:255:6:Uart_Display_Statistics	7
../Core/Src/main.c:404:6:Uart_Print_Sensor	6
../Core/Src/main.c:449:6:HAL_GPIO_EXTI_Callback	2
../Core/Src/main.c:480:6:Sensors_Write_to_Flash	1
../Core/Src/main.c:506:6:Sensors_Read_from_Flash	5
../Core/Src/main.c:538:5:main	1
../Core/Src/main.c:750:6:SystemClock_Config	4
../Core/Src/main.c:797:5:__io__putchar	1
../Core/Src/main.c:811:6:HAL_TIM_PeriodElapsedCallback	2
../Core/Src/main.c:829:6:Error_Handler	1
