../Core/Src/main.c:194:6:Read_Sensor	24	static
../Core/Src/main.c:245:6:Uart_Display_Statistics	160	static
../Core/Src/main.c:364:6:Uart_Print_Sensor	32	static
../Core/Src/main.c:409:6:HAL_GPIO_EXTI_Callback	16	static
../Core/Src/main.c:440:6:Sensors_Write_to_Flash	8	static
../Core/Src/main.c:466:6:Sensors_Read_from_Flash	8	static
../Core/Src/main.c:498:5:main	8	static
../Core/Src/main.c:693:6:SystemClock_Config	96	static
../Core/Src/main.c:740:5:__io__putchar	16	static
../Core/Src/main.c:754:6:HAL_TIM_PeriodElapsedCallback	16	static
../Core/Src/main.c:772:6:Error_Handler	4	static,ignoring_inline_asm
