../Core/Src/main.c:148:5:main	16	static
../Core/Src/main.c:278:6:SystemClock_Config	96	static
../Core/Src/main.c:329:13:MX_DAC1_Init	48	static
../Core/Src/main.c:373:13:MX_DFSDM1_Init	8	static
../Core/Src/main.c:426:13:MX_TIM2_Init	40	static
../Core/Src/main.c:469:13:MX_DMA_Init	16	static
../Core/Src/main.c:491:13:MX_GPIO_Init	48	static
../Core/Src/main.c:531:6:buildNoteTable	16	static
../Core/Src/main.c:539:6:Start_Recording	8	static
../Core/Src/main.c:552:6:Stop_Recording	8	static
../Core/Src/main.c:564:6:Process_Buffer	16	static
../Core/Src/main.c:612:6:Start_Playback	16	static
../Core/Src/main.c:621:6:Stop_Playback	8	static
../Core/Src/main.c:628:6:HAL_GPIO_EXTI_Callback	16	static
../Core/Src/main.c:653:6:HAL_TIM_PeriodElapsedCallback	24	static
../Core/Src/main.c:695:6:HAL_DFSDM_FilterRegConvCpltCallback	16	static
../Core/Src/main.c:704:6:HAL_DAC_ConvCpltCallbackCh1	16	static
../Core/Src/main.c:721:6:Error_Handler	4	static,ignoring_inline_asm
