../Core/Src/main.c:141:5:main	16	static
../Core/Src/main.c:251:6:SystemClock_Config	96	static
../Core/Src/main.c:302:13:MX_DAC1_Init	48	static
../Core/Src/main.c:346:13:MX_DFSDM1_Init	8	static
../Core/Src/main.c:399:13:MX_TIM2_Init	40	static
../Core/Src/main.c:442:13:MX_DMA_Init	16	static
../Core/Src/main.c:464:13:MX_GPIO_Init	48	static
../Core/Src/main.c:505:6:Start_Recording	8	static
../Core/Src/main.c:520:6:Stop_Recording	8	static
../Core/Src/main.c:532:6:Process_Buffer	16	static
../Core/Src/main.c:580:6:Start_Playback	16	static
../Core/Src/main.c:600:6:Stop_Playback	8	static
../Core/Src/main.c:613:6:HAL_GPIO_EXTI_Callback	16	static
../Core/Src/main.c:633:6:Generate_Note	32	static
../Core/Src/main.c:659:6:HAL_DFSDM_FilterRegConvCpltCallback	16	static
../Core/Src/main.c:671:6:HAL_DAC_ConvCpltCallbackCh1	24	static
../Core/Src/main.c:698:6:Error_Handler	4	static,ignoring_inline_asm
