../Core/Src/main.c:133:5:main	6
../Core/Src/main.c:243:6:SystemClock_Config	4
../Core/Src/main.c:294:13:MX_DAC1_Init	3
../Core/Src/main.c:338:13:MX_DFSDM1_Init	4
../Core/Src/main.c:391:13:MX_TIM2_Init	4
../Core/Src/main.c:434:13:MX_DMA_Init	1
../Core/Src/main.c:456:13:MX_GPIO_Init	1
../Core/Src/main.c:497:6:Start_Recording	1
../Core/Src/main.c:512:6:Stop_Recording	1
../Core/Src/main.c:524:6:Process_Buffer	4
../Core/Src/main.c:572:6:Start_Playback	1
../Core/Src/main.c:592:6:Stop_Playback	1
../Core/Src/main.c:605:6:HAL_GPIO_EXTI_Callback	2
../Core/Src/main.c:667:6:HAL_DFSDM_FilterRegConvCpltCallback	1
../Core/Src/main.c:690:6:HAL_DAC_ConvCpltCallbackCh1	2
../Core/Src/main.c:708:6:Error_Handler	1
