../Core/Src/main.c:148:5:main	10
../Core/Src/main.c:278:6:SystemClock_Config	4
../Core/Src/main.c:329:13:MX_DAC1_Init	3
../Core/Src/main.c:373:13:MX_DFSDM1_Init	4
../Core/Src/main.c:426:13:MX_TIM2_Init	4
../Core/Src/main.c:469:13:MX_DMA_Init	1
../Core/Src/main.c:491:13:MX_GPIO_Init	1
../Core/Src/main.c:531:6:buildNoteTable	2
../Core/Src/main.c:539:6:Start_Recording	1
../Core/Src/main.c:552:6:Stop_Recording	1
../Core/Src/main.c:564:6:Process_Buffer	4
../Core/Src/main.c:612:6:Start_Playback	1
../Core/Src/main.c:621:6:Stop_Playback	1
../Core/Src/main.c:628:6:HAL_GPIO_EXTI_Callback	6
../Core/Src/main.c:653:6:HAL_TIM_PeriodElapsedCallback	5
../Core/Src/main.c:695:6:HAL_DFSDM_FilterRegConvCpltCallback	1
../Core/Src/main.c:704:6:HAL_DAC_ConvCpltCallbackCh1	2
../Core/Src/main.c:721:6:Error_Handler	1
