../Core/Src/main.c:149:5:main	3
../Core/Src/main.c:216:6:SystemClock_Config	4
../Core/Src/main.c:267:13:ThrustMapper_BuildT	1
../Core/Src/main.c:295:6:ThrustMapper_Init	1
../Core/Src/main.c:314:11:Force_To_PWM	2
../Core/Src/main.c:328:6:Compute_PWM_From_Wrench	4
../Core/Src/main.c:350:6:Uart_Processing	11
../Core/Src/main.c:448:14:UART_Parse_Wrench	7
../Core/Src/main.c:510:6:writeData	4
../Core/Src/main.c:536:6:readData	2
../Core/Src/main.c:554:6:HAL_TIM_PeriodElapsedCallback	2
../Core/Src/main.c:572:6:Error_Handler	1
