../Core/Src/main.c:175:5:main	4
../Core/Src/main.c:246:6:SystemClock_Config	4
../Core/Src/main.c:297:13:ThrustMapper_BuildT	1
../Core/Src/main.c:325:6:ThrustMapper_Init	1
../Core/Src/main.c:344:11:Force_To_PWM	2
../Core/Src/main.c:358:6:Compute_PWM_From_Wrench	4
../Core/Src/main.c:380:6:Uart_Processing	12
../Core/Src/main.c:486:14:UART_Parse_Wrench	7
../Core/Src/main.c:550:6:writeData	4
../Core/Src/main.c:584:6:Sensors_Write_to_Flash	1
../Core/Src/main.c:605:6:readData	2
../Core/Src/main.c:622:6:Sensors_Read_from_Flash	4
../Core/Src/main.c:651:6:HAL_TIM_PeriodElapsedCallback	2
../Core/Src/main.c:669:6:Error_Handler	1
