../Core/Src/main.c:185:5:main	16	static
../Core/Src/main.c:266:6:SystemClock_Config	96	static
../Core/Src/main.c:317:13:ThrustMapper_BuildT	32	static
../Core/Src/main.c:345:6:ThrustMapper_Init	8	static
../Core/Src/main.c:364:11:Force_To_PWM	32	static
../Core/Src/main.c:378:6:Compute_PWM_From_Wrench	24	static
../Core/Src/main.c:400:6:Uart_Processing	136	static
../Core/Src/main.c:543:14:UART_Parse_Wrench	72	static
../Core/Src/main.c:607:6:writeData	16	static
../Core/Src/main.c:641:6:Sensors_Write_to_Flash	8	static
../Core/Src/main.c:662:6:readData	24	static
../Core/Src/main.c:679:6:Sensors_Read_from_Flash	8	static
../Core/Src/main.c:707:6:System_Status_Check	16	static
../Core/Src/main.c:738:6:Sleep_Mode	8	static
../Core/Src/main.c:748:6:HAL_GPIO_EXTI_Callback	24	static
../Core/Src/main.c:761:6:Bad_Input	16	static
../Core/Src/main.c:777:6:HAL_TIM_PeriodElapsedCallback	16	static
../Core/Src/main.c:795:6:Error_Handler	4	static,ignoring_inline_asm
