../Core/Src/main.c:184:5:main	16	static
../Core/Src/main.c:264:6:SystemClock_Config	96	static
../Core/Src/main.c:315:13:ThrustMapper_BuildT	32	static
../Core/Src/main.c:343:6:ThrustMapper_Init	8	static
../Core/Src/main.c:362:11:Force_To_PWM	32	static
../Core/Src/main.c:376:6:Compute_PWM_From_Wrench	24	static
../Core/Src/main.c:398:6:Uart_Processing	136	static
../Core/Src/main.c:535:14:UART_Parse_Wrench	72	static
../Core/Src/main.c:599:6:writeData	16	static
../Core/Src/main.c:633:6:Sensors_Write_to_Flash	8	static
../Core/Src/main.c:654:6:readData	24	static
../Core/Src/main.c:671:6:Sensors_Read_from_Flash	8	static
../Core/Src/main.c:699:6:System_Status_Check	16	static
../Core/Src/main.c:730:6:Sleep_Mode	8	static
../Core/Src/main.c:739:6:HAL_GPIO_EXTI_Callback	24	static
../Core/Src/main.c:761:6:HAL_TIM_PeriodElapsedCallback	16	static
../Core/Src/main.c:779:6:Error_Handler	4	static,ignoring_inline_asm
